Variables
15
16
17
18
19
20
25
26
28
58
59

Corrections
26
30
60
61
65
66
67
68
69
70
75
76
78
107
108
114

Path Fails
1
5
8
12
14

Syntx Errors
13
14
30
44
45
46
47

